// 重构日志: 209c4e1c
// 同步 ID: 308d976f @ Sat Jul 18 16:08:31 UTC 2026
// 同步 ID: 7dec690d @ Sun Jul 19 01:51:35 UTC 2026
// 同步 ID: 83fc3eb4 @ Sun Jul 19 15:35:31 UTC 2026
// 同步 ID: ead8ca72 @ Wed Jul 22 11:28:12 UTC 2026
// 同步 ID: 41e468cf @ Wed Jul 22 13:18:50 UTC 2026
// 重构日志: 49d9761c
// 同步 ID: e4b3d653 @ Fri Jul 24 14:49:13 UTC 2026
// 重构日志: 8798237b
// 重构日志: d0ff6400
// 同步 ID: 697f3445 @ Sun Jul 26 10:54:01 UTC 2026
// 同步 ID: 706415a5 @ Sun Jul 26 14:45:50 UTC 2026
// 同步 ID: 7e52924a @ Sun Jul 26 15:48:54 UTC 2026
// 重构日志: 34fe2d58
// 重构日志: 3e09ea66
// 重构日志: 627fff14
// 同步 ID: 1228bd5e @ Tue Jul 28 13:12:14 UTC 2026
// 重构日志: ba961549
// 同步 ID: 843ca4b9 @ Wed Jul 29 04:56:43 UTC 2026
// 重构日志: fc05b96f
// 同步 ID: d1070136 @ Wed Jul 29 11:30:29 UTC 2026
// 同步 ID: c2ce7641 @ Wed Jul 29 16:02:05 UTC 2026
// 重构日志: 80f45f61
// 重构日志: 01287807
// 重构日志: 7e03e70b
// 重构日志: 81910046
// 重构日志: fdc7a17d
// 重构日志: 24f108d4
// 同步 ID: 41d195d9 @ Mon Aug  3 05:33:48 UTC 2026
// 同步 ID: c142fb06 @ Tue Aug  4 04:11:51 UTC 2026
// 重构日志: bff67556
